✔ inventories and restores one real referenced attachment (154.4955ms)
✔ retains a failed marker when an inventoried attachment is missing (98.2962ms)
✔ rejects a non-canonical storage key before writing a manifest (73.4648ms)
✔ rejects a restore parent that resolves into the source evidence root (71.5106ms)
✔ configured names update the exact existing scope once while preserving project identity (207.5896ms)
✔ GM migration changes only membership reads in existing typed audit guards (222.0373ms)
✔ entry login enrolls only selected project, retains stable identity and employee compatibility (214.3378ms)
✔ disable and restore are project local; login never restores and B session stays usable (166.3266ms)
✔ project links affect only matching login, directory and historical owner filters (173.6515ms)
✔ components default disabled, redact configuration, enforce versions and dependency cascade (149.7287ms)
✔ project disable blocks login and reads without deleting history; reactivation uses version CAS (185.2135ms)
✔ record project guard rejects wrong project while same employee can work in both (182.1913ms)
✔ Qingyu Bug links survive in the migrated SQLite source of truth (350.9945ms)
✔ archives a recovery point with its attachment companion and is idempotent (317.2906ms)
✔ fails closed on a missing attachment and retains only DB pair plus failed staging (123.0395ms)
✔ creates a real online backup and manifest without leaking the source path (75.957ms)
✔ rejects a damaged backup before restore admission (110.7045ms)
✔ manual completion takes priority over every Relay status, preserves history and remains verifiable (3209.9207ms)
✔ verified Relay delivery, human rejection, durable next round and human acceptance preserve history (1668.1077ms)
✔ new Bug notifications include content and route unassigned versus assigned work (379.4571ms)
✔ a Bug cannot point at another Bug's active RepairAttempt (331.775ms)
✔ BuildRequirement, Verification, and RelayReceipt preserve Attempt-to-Bug identity (318.0317ms)
✔ Relay service projection is repair-only and cannot author QA Bugs or Verification (261.5268ms)
✔ external events and Relay receipt revisions preserve principal, handoff, and Build facts (278.8729ms)
✔ native sessions and active push devices cannot lie about shared installations (207.6197ms)
✔ auth TTLs accept exact frozen maxima and reject one-second overflow or invalid dates (212.9399ms)
✔ refresh token replacement stays in one family and advances exactly one generation (228.4567ms)
✔ revoked auth state cannot resurrect and secret replay snapshots are append-only (218.0468ms)
✔ expired native sessions cannot mint, activate, or consume refresh generations (3291.0983ms)
✔ submitted capture context is shared with Bug readers while drafts and removed evidence stay private (244.4115ms)
✔ capture completion requires core Poco capabilities and snapshots stay bounded to captureId (239.9013ms)
✔ draft Poco method outcomes and snapshots are immutable append-only facts (196ms)
✔ Poco enrichment starts effect-free unavailable and advances once to a terminal exact-CAS fact (239.5544ms)
✔ capture finalization rejects orphan or incomplete qa.snapshot evidence while accepting the exact triple (267.3742ms)
✔ uploaded capture provenance and its artifact and Poco facts are immutable (191.9869ms)
✔ attachments match both Blob identity and completed Upload metadata (232.0868ms)
✔ upload chunks and leases remain immutable through exact completion (2293.72ms)
✔ Blob and Attachment evidence is one-way CAS and only exact finalized uploads can bind (221.9618ms)
✔ attachment claims preserve the unexpired reservation identity and generation (1734.3518ms)
✔ only ready clean owner attachments bind, and claimed typed evidence is immutable (381.1291ms)
✔ submission intent targets preserve Bug, actor, and clientSubmission identity (281.6123ms)
✔ idempotency reservations require complete audited terminal effects and remain immutable (240.9049ms)
✔ Build lifecycle begins at version one, advances by CAS, and seals terminal facts (179.8943ms)
✔ required BuildRequirement uses typed audits, manifest commit evidence, and its exact Verification Build (256.4509ms)
✔ comments accept the frozen 20k contract limit without truncating 15k bodies (179.6687ms)
✔ Bug tenant, key, and reporter identity stay fixed while allowed content keeps FTS exact (433.4693ms)
✔ Occurrence environment Build references are generated, project-scoped, and optional (167.5669ms)
✔ disabled accounts are one-way exact-CAS principals and cannot mint native sessions (153.2079ms)
✔ disabled users are one-way exact-CAS principals and cannot mint native sessions (138.6513ms)
✔ revoked device installations are one-way exact-CAS facts and cannot mint native sessions (166.5577ms)
✔ native sessions require an active user and a non-revoked installation (177.271ms)
✔ a refresh family cannot extend personal refresh lifetime beyond thirty days (143.0974ms)
✔ future-issued refresh tokens cannot be inserted (143.9351ms)
✔ legacy future-issued refresh tokens cannot activate or consume early (157.0013ms)
✔ auth secret replay versions match the committed session and active effect token (147.2583ms)
✔ generic idempotency rejects native auth operations and recursively nested secrets (150.3026ms)
✔ committed generic idempotency replays the exact immutable typed submission effect (189.317ms)
✔ idempotency and upload leases anchor initial TTLs to the server clock (153.7214ms)
✔ service principals are one-way CAS facts and external events name their exact resources (169.1678ms)
✔ comments are append-only identity facts and cannot bypass version CAS (145.002ms)
✔ upload attempts serialize one current tuple and advance by exactly one after terminal (2236.2812ms)
✔ capture artifacts transition from pending through exact attachment CAS and then seal (188.786ms)
✔ forward v3 rejects typed Build facts from disabled or archived principals (593.1008ms)
✔ forward v3 accepts the frozen human repair_attempt.delivered BuildRequirement audit (162.7463ms)
✔ forward v3 rejects the legacy repair.delivered BuildRequirement audit spelling (168.9278ms)
✔ forward v3 stores a 5000-character decisionReason while its typed Event keeps a bounded truncation (207.3864ms)
✔ forward v3 stores a 5000-character overrideReason while its typed Event keeps a bounded truncation (185.5334ms)
✔ forward v3 preserves Windows-path decisions only through redacted typed Events (215.541ms)
✔ forward v3 persists redacted cookie and API-key reasons without exposing Event text (213.9795ms)
✔ forward v3 durably preserves raw RepairAttempt failure truth behind bounded audit text (365.5851ms)
✔ forward v3 preserves a distinct current Verification creator and assigned verifier (297.9682ms)
✔ forward v3 preserves delivered history and reopens only for a later ranked Build occurrence (637.4411ms)
✔ forward v3 keeps Build lineage scoped, contiguous, immutable, and occurrence Events singular (282.154ms)
✔ forward v3 never reopens a no-Build closure from a later ranked Build occurrence (373.5849ms)
✔ forward v3 rejects a naked Bug workflow jump without its typed audit Event (157.2597ms)
✔ forward v3 rejects naked same-state pointers and lifecycle shortcut DML (575.8713ms)
✔ forward v3 allows only exact vendor supersede and blocked Verification pointer changes (396.9493ms)
✔ forward v3 rejects duplicate cycles, canonical repoints, and disabled workflow actors (266.1572ms)
✔ forward v3 rejects raw secrets in Event text while accepting explicit redaction (174.6325ms)
✔ forward v3 enforces the frozen 16-key Event payload boundary for raw DML (148.1055ms)
✔ forward v3 requires current reporter authority for an occurrence append Event (139.2316ms)
✔ forward v3 requires developer authority for a RepairAttempt assignee (149.2722ms)
✔ multi-actor no-code human workflow can be managed by any project member (554.2281ms)
✔ a project member can complete a delivered code task without making Build a task state (321.6089ms)
✔ any project member can soft-delete a Bug and hide it from reads (144.3922ms)
✔ Bug editing claims new images and soft-removes old images without deleting evidence (196.6109ms)
✔ browser identity ignores time expiry but still honors explicit revocation (295.7849ms)
✔ empty migration is repeatable and enables WAL, foreign keys, and integrity checks (274.7744ms)
✔ v6 through v14 preserves existing Bugs and adds shared management, project configuration and GM command authority (320.7303ms)
✔ v1 to v2 migration creates a backup and backfills full-text search (136.9214ms)
✔ v2 to v3 adds durable RepairAttempt failure truth without rewriting history (203.0608ms)
✔ two worker upgraders re-read locked history and apply every pending migration exactly once (843.3575ms)
✔ migration checksum drift is rejected before application code can continue (353.1595ms)
✔ future on-disk schemas and requested downgrades are rejected explicitly (854.3329ms)
✔ a conflict late in a migration rolls back every object and history change (506.0699ms)
✔ composite foreign keys reject cross-account and cross-project records (349.6151ms)
✔ events are append-only at the database boundary (329.5973ms)
✔ BuildRequirement rejects impossible states and freezes its decision audit (594.5174ms)
✔ dedicated worker serializes 50 concurrent bug creates into unique project numbers (843.6646ms)
✔ an unexpected worker exit is terminal and every later request fails promptly (526.0022ms)
✔ restores a verified backup into a new fixed database root (133.0666ms)
✔ rejects an existing restore root without changing it (68.747ms)
✔ storage config derives isolated paths without touching the filesystem (2.4621ms)
✔ storage config rejects relative and source-overlapping data roots (1.2338ms)
✔ environment parsing requires WAL and validates numeric bounds (0.9881ms)
✔ health summary fails closed and preserves worst dependency state (1.286ms)
✔ explicit user links are reversible and retained as append-only history (187.4038ms)
✔ disabling removes a duplicate from active membership without deleting its history (181.3288ms)
✔ canonical owner filters include tasks still assigned to a linked historical ID (178.0638ms)
ℹ tests 109
ℹ suites 0
ℹ pass 109
ℹ fail 0
ℹ cancelled 0
ℹ skipped 0
ℹ todo 0
ℹ duration_ms 30766.2537
