npm notice run @relay-qa-hub/api@0.1.0-debug test
npm notice run tsc -p tsconfig.json && node --test test/api.test.mjs test/backup-archive-worker.test.mjs test/backup-retention.test.mjs test/qingyu-integration.test.mjs test/jenkins-builds.test.mjs test/jenkins-progress.test.mjs test/production-tasks.test.mjs test/relay-lifecycle-outbox.test.mjs test/increment-upload.test.mjs test/server-uploader-process.test.mjs && node --import tsx --test test/uploader-host.test.ts test/build-upload-host.test.ts test/upload-source.test.ts
✔ Bug update accepts a complete attachment set and rejects ambiguous image edits (5.01ms)
✔ backend account-name normalization is stable and preserves the display spelling (1.1197ms)
✔ unique Chinese pinyin login preserves an existing exact account identity (39.5462ms)
✔ project people directory preserves distinct stable IDs until explicitly linked (22.6104ms)
✔ explicit identity links override spelling and expose old IDs for historical labels (0.9082ms)
✔ user management routes preserve the explicit source and canonical IDs (483.3747ms)
✔ backend people seed accepts only schema 4 without client-side aliases (163.7916ms)
✔ checked-in backend people seed contains the default QA team (2.1446ms)
✔ new Web and Android name login creates backend accounts and rejects the legacy pinyin body field (277.5566ms)
✔ Bug overview query supports unassigned ownership and a 500-row window (1.4759ms)
✔ capture metadata records positive Android API values without an admission floor (4.5932ms)
✔ GET /api/v1/health/live returns the frozen liveness shape (73.568ms)
✔ android update feed serves uncached metadata and immutable APK ranges (157.5164ms)
✔ human workflow routes preserve no-code and failed Verification contracts (84.6135ms)
✔ Verification routes hide raw SQLite failures behind a retryable storage error (33.3764ms)
✔ Android createBug persists an exact receipt, supports GET, and rejects a wrong token (30.7633ms)
✔ Android attachment upload follows the frozen init, chunk, finalize, bind wire (84.2005ms)
✔ server defaults to loopback and supports graceful stop plus restart (181.4786ms)
✔ rejects ambiguous build provenance (0.7626ms)
✔ normalizes an explicit set of exact browser origins (5.1988ms)
✔ manual completion route binds the authenticated human, exact version and idempotency key (31.2182ms)
✔ archive failure preserves local backups, startup and the next backup attempt (2001.3425ms)
✔ blocking archive work runs outside the API event loop (326.2469ms)
✔ the production archive worker preserves the complete recovery-point contract (1329.7687ms)
✔ keeps two newest and only the current 09:00 Shanghai anchor (3.8431ms)
✔ schedules 09:00 precisely and catches a boundary crossed during a backup (0.4117ms)
✔ retention configuration requires both archive and cadence (1.2792ms)
✔ deletes whole obsolete groups on both volumes, audits, and is idempotent (5314.6442ms)
✔ corrupt retained archive prevents every deletion, including local backups (1102.5273ms)
✔ a live cleanup lock refuses overlap and a dead owner's lock is recovered (1396.2405ms)
✔ a junction inside an obsolete attachment group is preserved and never traversed for deletion (1746.555ms)
✔ production worker applies retention and reports cleanup failures without losing backup success (2049.4438ms)
✔ submission is durable, idempotent, actor-bound and does not launch in the request (278.6119ms)
✔ iOS source configuration survives queue restart and cannot use the Android build button (87.9746ms)
✔ all users see existing upload progress and diagnostics without sharing account configuration (264.1139ms)
✔ shared build records retain creator, queue and handoff across restart without exposing account binding (194.0052ms)
✔ global queue serializes workers across users; confirmation reserves the channel (214.4159ms)
✔ unfinished failed task blocks its channel but not other products (106.1281ms)
✔ restart retains active and failed checkpoints without replaying writes (199.237ms)
✔ a second API instance cannot claim the scheduler while the owner lives (130.8748ms)
✔ lost dispatch acknowledgement reconciles the new run receipt (157.2669ms)
✔ failed preflight retries the same queued identity and original input (105.9457ms)
✔ queued tasks can be cancelled; started work and another user's tasks cannot (161.8223ms)
✔ account replacement cannot retarget queued uploads (72.8842ms)
✔ combined build is queued without HTTP waiting and server restart does not resubmit (126.6322ms)
{"level":30,"time":1788889660199,"pid":19372,"hostname":"win11-lin-main","reqId":"req-1","req":{"method":"GET","url":"/api/v1/increment-upload","host":"localhost:80","remoteAddress":"127.0.0.1"},"msg":"incoming request"}
{"level":30,"time":1788889660207,"pid":19372,"hostname":"win11-lin-main","reqId":"req-1","res":{"statusCode":401},"responseTime":6.590200000000095,"msg":"request completed"}
{"level":30,"time":1788889660208,"pid":19372,"hostname":"win11-lin-main","reqId":"req-2","req":{"method":"POST","url":"/api/v1/increment-upload/jobs","host":"localhost:80","remoteAddress":"127.0.0.1"},"msg":"incoming request"}
{"level":30,"time":1788889660228,"pid":19372,"hostname":"win11-lin-main","reqId":"req-2","res":{"statusCode":200},"responseTime":20.576000000000022,"msg":"request completed"}
{"level":30,"time":1788889660229,"pid":19372,"hostname":"win11-lin-main","reqId":"req-3","req":{"method":"GET","url":"/api/v1/increment-upload/jobs/9920c51c-8a25-457b-bf75-999ee686f971/logs","host":"localhost:80","remoteAddress":"127.0.0.1"},"msg":"incoming request"}
{"level":30,"time":1788889660230,"pid":19372,"hostname":"win11-lin-main","reqId":"req-3","res":{"statusCode":200},"responseTime":0.9679000000000997,"msg":"request completed"}
{"level":30,"time":1788889660231,"pid":19372,"hostname":"win11-lin-main","reqId":"req-4","req":{"method":"GET","url":"/api/v1/increment-upload","host":"localhost:80","remoteAddress":"127.0.0.1"},"msg":"incoming request"}
{"level":30,"time":1788889660232,"pid":19372,"hostname":"win11-lin-main","reqId":"req-4","res":{"statusCode":200},"responseTime":0.9451999999996588,"msg":"request completed"}
{"level":30,"time":1788889660232,"pid":19372,"hostname":"win11-lin-main","reqId":"req-5","req":{"method":"GET","url":"/api/v1/increment-upload/jobs/9920c51c-8a25-457b-bf75-999ee686f971/logs","host":"localhost:80","remoteAddress":"127.0.0.1"},"msg":"incoming request"}
{"level":30,"time":1788889660233,"pid":19372,"hostname":"win11-lin-main","reqId":"req-5","res":{"statusCode":200},"responseTime":0.9746000000000095,"msg":"request completed"}
{"level":30,"time":1788889660234,"pid":19372,"hostname":"win11-lin-main","reqId":"req-6","req":{"method":"GET","url":"/api/v1/increment-upload/jobs/9920c51c-8a25-457b-bf75-999ee686f971/logs","host":"localhost:80","remoteAddress":"127.0.0.1"},"msg":"incoming request"}
{"level":30,"time":1788889660234,"pid":19372,"hostname":"win11-lin-main","reqId":"req-6","res":{"statusCode":401},"responseTime":0.3261999999999716,"msg":"request completed"}
✔ authenticated API exposes queue and diagnostics without local bridge or credentials (461.2801ms)
✔ lost launch acknowledgement still reserves the actual worker's channel (95.8095ms)
✔ completed build hands off to upload before the next queued build can overwrite its ZIP (136.7671ms)
✔ new submissions are accepted while server build polling is waiting on Jenkins (111.5886ms)
✔ cancelling a queued recovery preserves the original failed task and its channel reservation (112.9632ms)
✔ disabled queued work stays paused after re-enable until its owner explicitly resumes (102.5498ms)
✔ disabling preserves a started build's source handoff while pausing the next build (105.8784ms)
✔ the three presets match Jenkins UI and leave all unrelated defaults unset (93.7655ms)
✔ expired crumb/session reauthenticates once, then submits with the new cookie (3.4677ms)
✔ concurrent duplicate submissions reuse the receipt; conflicting reuse is rejected (8.2068ms)
✔ ambiguous timeout never automatically repeats a possibly accepted build (2.4145ms)
✔ ambiguous server-error never automatically repeats a possibly accepted build (1.859ms)
✔ ambiguous redirect-login never automatically repeats a possibly accepted build (1.4942ms)
✔ disabled or changed jobs cannot silently launch the wrong build (24.6885ms)
✔ status uses actual directories, scopes queue to this job and coalesces polling (18.4503ms)
✔ Jenkins outage does not hide available APK/IPA/ZIP files (1.989ms)
✔ download list rejects directories, traversal and empty files; classifies names independently (0.6505ms)
✔ routes require QA Hub authentication, validate preset and reject additional settings (592.9217ms)
✔ a started Jenkins run blocked by the shared build lock is queued without preparation alarms (7.3352ms)
✔ recorded lock wait is subtracted from preparation and execution history, not raw build time (1.6945ms)
✔ untimed lock wait has a lower bound and preparation timing starts after acquisition (0.8959ms)
✔ cancellation while waiting and non-whitelisted log content do not pretend to execute preparation (0.6784ms)
✔ positive stage evidence ends the queue display even when the acquisition marker is absent (0.4054ms)
✔ timestamped stages carry actual boundaries, worker work and a separate Gradle timer (0.5097ms)
✔ legacy logs retain stage order without inventing stage durations or exposing console secrets (0.4925ms)
✔ resource-only history skips APK and ZIP, failures stop at the observed stage (3.1261ms)
✔ matching successful stage history sets robust alarms; failures and other modes cannot skew it (1.1778ms)
✔ untimed running stages use lower-bound observation and initial alarms, never become samples (0.7272ms)
✔ monitor follows the precise queue executable, handles canceled/expired queues and tolerates log loss (75.4584ms)
✔ project component pauses queued work without reenable replay and retains local history (1525.9175ms)
✔ eight bugs keep independent results, resume failed steps, and never resubmit successes (1381.9987ms)
✔ lost creation response replays the durable request after restart without duplicate task (75.9531ms)
✔ existing linked task is reused and continuation follows its original QA receipt (45.0606ms)
✔ project authorization and attachment integrity are checked before submission (21.0815ms)
✔ HTTP routes require authentication and a merge confirmation before any mutation (266.6129ms)
✔ project Qingyu component rejects polling/import when disabled and excludes other external projects (96.2832ms)
✔ QingyuClient uses Relay-proven QR, own-defect, detail, and resolve protocols (51.3379ms)
▶ QingyuClient recognizes already-completed tasks without requesting another transition
  ✔ {"key":"RESOLVED","name":"已解决"} (1.7799ms)
  ✔ {"key":"CLOSED","name":"已关闭"} (1.0406ms)
  ✔ {"key":"COMPLETED","name":"已完成"} (1.056ms)
  ✔ "已完成" (0.9446ms)
  ✔ "done" (1.1628ms)
✔ QingyuClient recognizes already-completed tasks without requesting another transition (8.9293ms)
✔ QingyuClient does not label a cancelled upstream task as successfully resolved (1.9592ms)
✔ QingyuClient does not invent missing defect details (1.4444ms)
▶ Qingyu integration persists encrypted sessions, imports idempotently, and resolves linked Bug
  ✔ expired session persists sync failure without claiming upstream completion (131.2334ms)
  ✔ missing session is recorded as a failed sync and remains retryable (213.615ms)
✔ Qingyu integration persists encrypted sessions, imports idempotently, and resolves linked Bug (1213.8337ms)
▶ human acceptance commits locally before best-effort Qingyu synchronization
  ✔ successful or unlinked sync still returns a closed QA Hub Bug (154.826ms)
  ✔ not logged in still returns a closed QA Hub Bug (4.0695ms)
  ✔ expired login still returns a closed QA Hub Bug (21.0863ms)
  ✔ completed upstream has no transition still returns a closed QA Hub Bug (6.4171ms)
  ✔ upstream did not confirm resolution still returns a closed QA Hub Bug (2.4099ms)
  ✔ timeout still returns a closed QA Hub Bug (2.1142ms)
  ✔ offline still returns a closed QA Hub Bug (1.8166ms)
  ✔ unexpected adapter failure still returns a closed QA Hub Bug (1.8224ms)
  ✔ acceptance replay does not repeat upstream synchronization (2.1621ms)
  ✔ failed verification does not close or synchronize upstream (2.4662ms)
  ✔ local VERSION_CONFLICT prevents upstream synchronization (1.9948ms)
  ✔ local FORBIDDEN prevents upstream synchronization (1.5702ms)
  ✔ local INVALID_TRANSITION prevents upstream synchronization (1.9939ms)
  ✔ local SQLITE_BUSY prevents upstream synchronization (1.6285ms)
✔ human acceptance commits locally before best-effort Qingyu synchronization (535.1133ms)
✔ explicit Qingyu resolve API reuses the verified linked-Bug synchronization (52.4371ms)
✔ durable Relay transport carries prior handoff and human acceptance, and retries a transient failure (126.7136ms)
✔ real server supervisor records the worker result after the API closes (3643.4652ms)
ℹ tests 111
ℹ suites 0
ℹ pass 111
ℹ fail 0
ℹ cancelled 0
ℹ skipped 0
ℹ todo 0
ℹ duration_ms 12052.0357
✔ exact queue and completed fresh ZIP hand off once with frozen defaults after restart (67.4653ms)
✔ preflight failure prevents Jenkins submission and double submission coalesces (13.5236ms)
✔ lost submission acknowledgement and submitting crash never replay build POST (29.0792ms)
✔ lost upload acknowledgement recovers the same stable job ID (34.365ms)
✔ a Jenkins run waiting on the shared lock keeps its automatic upload pending (29.6799ms)
✔ failed build or ZIP never starts automatic upload (20.655ms)
✔ cancelled build or ZIP never starts automatic upload (19.7033ms)
✔ stale build or ZIP never starts automatic upload (23.0095ms)
✔ newer build or ZIP never starts automatic upload (24.3541ms)
✔ nozip build or ZIP never starts automatic upload (18.5409ms)
✔ wrongqueue build or ZIP never starts automatic upload (30.1522ms)
✔ overlap build or ZIP never starts automatic upload (22.5754ms)
✔ owner switch pauses automation and cancellation retains Jenkins build (26.3266ms)
✔ platform account switch pauses before upload and allows cancelling the pending handoff (41.2157ms)
✔ iOS selects the newest ZIP by modification time and pins matching HEAD identity (22.4288ms)
✔ empty, invalid and changing iOS sources stop before dispatch (3.0473ms)
✔ iOS jobs retain the selected ZIP through acknowledgement loss, prelaunch retry and resume (647.2553ms)
✔ upload inputs exclude arbitrary paths, commands and historical version IDs (0.6278ms)
✔ event projection tolerates partial JSONL and never returns tokens or raw error text (0.2496ms)
✔ email login matches handover contract, validates access, saves compatible cache, keeps secrets out of snapshot (13.1563ms)
✔ failed access check preserves previous login and exposes no server text (4.742ms)
✔ subaccount redirects accept only the recorded origins and one token (6.9524ms)
✔ bad local auth does not hide job history and can be repaired through login (28.3879ms)
✔ restart reads progress from disk, and only a verified published state is successful (29.9975ms)
✔ live jobs prevent changing account and launching duplicate tasks; expired heartbeat is interrupted (25.7551ms)
✔ recovery locks testing identity once status changes started; arbitrary job paths are rejected (111.7315ms)
✔ supervised start and resume preserve the job target and original work directory (387.4876ms)
✔ tampered executable is rejected before creating a task (11.4317ms)
✔ build handoff persists source identity and returns one existing job after a lost acknowledgement (168.9752ms)
✔ new jobs default to recorded parameters and persist version-only text behavior (198.1882ms)
✔ final confirmation requires the persisted boundary and uses its own command exactly once (450.4705ms)
✔ unreadable jobs remain present and are reported rather than silently discarded (5.1702ms)
✔ a persisted job from another project is retained and cannot be resumed (26.1235ms)
ℹ tests 33
ℹ suites 0
ℹ pass 33
ℹ fail 0
ℹ cancelled 0
ℹ skipped 0
ℹ todo 0
ℹ duration_ms 2307.913
